// Jest Snapshot v1, https://goo.gl/fbAQLP

exports[`renders with mocked question matches snapshot 1`] = `
<DocumentFragment>
  <div>
    <button
      class="Question-new-button"
    >
      <b>
        Select A New Question
      </b>
    </button>
    <div
      class="Question-title"
    />
    <div
      class="GuessAnswerForm-container"
    >
      <div
        class="spinner"
      />
    </div>
  </div>
</DocumentFragment>
`;
